// Jest Snapshot v1, https://goo.gl/fbAQLP

exports[`FormField component should match snapshot 1`] = `
<div>
  <div>
    <form
      aria-label="signup-form"
      data-testid="form"
    >
      <fieldset
        class="fieldset"
      >
        <legend>
          Personal
        </legend>
        <div
          class="field"
        >
          <label
            for="firstName"
          >
            First Name
          </label>
          <input
            data-testid="input"
            id="firstName"
            name="firstName"
            required=""
            type="text"
            value=""
          />
        </div>
        <div
          class="field"
        >
          <label
            for="lastName"
          >
            Last Name
          </label>
          <input
            data-testid="input"
            id="lastName"
            name="lastName"
            required=""
            type="text"
            value=""
          />
        </div>
        <div
          class="field"
        >
          <label
            for="currentAddress"
          >
            Address
          </label>
          <input
            data-testid="input"
            id="currentAddress"
            name="currentAddress"
            required=""
            type="text"
            value=""
          />
        </div>
      </fieldset>
      <fieldset
        class="fieldset"
      >
        <legend>
          Employer
        </legend>
        <div
          class="field"
        >
          <label
            for="employerName-0"
          >
            Employer Name
          </label>
          <input
            data-testid="input"
            id="employerName-0"
            name="name"
            required=""
            type="text"
            value=""
          />
        </div>
        <div
          class="date__wrapper field"
        >
          <div
            class="date__wrapper__form"
          >
            <label
              for="startDate-0"
            >
              Start Date
            </label>
            <input
              data-testid="input"
              id="startDate-0"
              name="startDate"
              required=""
              type="date"
              value=""
            />
          </div>
          <div
            class="date__wrapper__form"
          >
            <label
              for="endDate-0"
            >
              End Date
            </label>
            <input
              data-testid="input"
              id="endDate-0"
              name="endDate"
              type="date"
              value=""
            />
          </div>
        </div>
      </fieldset>
      <div
        class="actions"
      >
        <button
          class="actions__cancel"
          type="button"
        >
          Cancel
        </button>
        <button
          class="actions__submit"
          type="submit"
        >
          Submit
        </button>
      </div>
    </form>
  </div>
</div>
`;
